2026-01-18 06:51:40,211 | INFO | ================================================================================
2026-01-18 06:51:40,211 | INFO | MA BOUNCE BOT v1.3 PRODUCTION STARTED - 2026-01-18 14:58:00
2026-01-18 06:51:40,211 | INFO | ================================================================================
2026-01-18 06:51:40,211 | INFO | TOP 5 STOCKS: TATAMOTORS, POWERGRID, VEDL, ONGC, BHARTIARTL
2026-01-18 06:51:40,211 | INFO | CONFIG: TRUE Bounce + No Filter + 1.5% Target + 0.5% SL
2026-01-18 06:51:40,211 | INFO | ================================================================================
2026-01-18 06:51:40,211 | INFO | Market closed - Bot exiting
2026-01-18 06:52:40,885 | INFO | ================================================================================
2026-01-18 06:52:40,886 | INFO | MA BOUNCE BOT v1.3 PRODUCTION STARTED - 2026-01-18 14:58:00
2026-01-18 06:52:40,886 | INFO | ================================================================================
2026-01-18 06:52:40,886 | INFO | TOP 5 STOCKS: TATAMOTORS, POWERGRID, VEDL, ONGC, BHARTIARTL
2026-01-18 06:52:40,886 | INFO | CONFIG: TRUE Bounce + No Filter + 1.5% Target + 0.5% SL
2026-01-18 06:52:40,886 | INFO | ================================================================================
2026-01-18 06:52:40,886 | INFO | No trades CSV found - starting fresh
2026-01-18 07:00:46,825 | INFO | ================================================================================
2026-01-18 07:00:46,825 | INFO | MA BOUNCE BOT v1.3 PRODUCTION STARTED - 2026-01-18 14:58:00
2026-01-18 07:00:46,825 | INFO | ================================================================================
2026-01-18 07:00:46,825 | INFO | TOP 5 STOCKS: TATAMOTORS, POWERGRID, VEDL, ONGC, BHARTIARTL
2026-01-18 07:00:46,825 | INFO | CONFIG: TRUE Bounce + No Filter + 1.5% Target + 0.5% SL
2026-01-18 07:00:46,825 | INFO | ================================================================================
2026-01-18 07:00:46,826 | INFO | No trades CSV found - starting fresh
2026-01-18 07:05:24,739 | INFO | ================================================================================
2026-01-18 07:05:24,739 | INFO | MA BOUNCE BOT v1.3 PRODUCTION STARTED - 2026-01-18 14:58:00
2026-01-18 07:05:24,740 | INFO | ================================================================================
2026-01-18 07:05:24,740 | INFO | TOP 5 STOCKS: TATAMOTORS, POWERGRID, VEDL, ONGC, BHARTIARTL
2026-01-18 07:05:24,740 | INFO | CONFIG: TRUE Bounce + No Filter + 1.5% Target + 0.5% SL
2026-01-18 07:05:24,740 | INFO | ================================================================================
2026-01-18 07:05:24,740 | INFO | No trades CSV found - starting fresh
2026-01-18 07:08:35,347 | INFO | ================================================================================
2026-01-18 07:08:35,348 | INFO | MA BOUNCE BOT v1.3 PRODUCTION STARTED - 2026-01-18 14:58:00
2026-01-18 07:08:35,348 | INFO | ================================================================================
2026-01-18 07:08:35,348 | INFO | TOP 5 STOCKS: TATAMOTORS, POWERGRID, VEDL, ONGC, BHARTIARTL
2026-01-18 07:08:35,348 | INFO | CONFIG: TRUE Bounce + No Filter + 1.5% Target + 0.5% SL
2026-01-18 07:08:35,348 | INFO | ================================================================================
2026-01-18 07:08:35,349 | INFO | No trades CSV found - starting fresh
2026-01-18 07:14:19,919 | INFO | ================================================================================
2026-01-18 07:14:19,919 | INFO | MA BOUNCE BOT v1.3 PRODUCTION STARTED - 2026-01-18 14:58:00
2026-01-18 07:14:19,919 | INFO | ================================================================================
2026-01-18 07:14:19,919 | INFO | TOP 5 STOCKS: TATAMOTORS, POWERGRID, VEDL, ONGC, BHARTIARTL
2026-01-18 07:14:19,919 | INFO | CONFIG: TRUE Bounce + No Filter + 1.5% Target + 0.5% SL
2026-01-18 07:14:19,919 | INFO | ================================================================================
2026-01-18 07:14:19,919 | INFO | No trades CSV found - starting fresh
2026-01-18 07:18:57,962 | INFO | ================================================================================
2026-01-18 07:18:57,962 | INFO | MA BOUNCE BOT v1.3 PRODUCTION STARTED - 2026-01-18 14:58:00
2026-01-18 07:18:57,963 | INFO | ================================================================================
2026-01-18 07:18:57,963 | INFO | TOP 5 STOCKS: TATAMOTORS, POWERGRID, VEDL, ONGC, BHARTIARTL
2026-01-18 07:18:57,963 | INFO | CONFIG: TRUE Bounce + No Filter + 1.5% Target + 0.5% SL
2026-01-18 07:18:57,963 | INFO | ================================================================================
2026-01-18 07:18:57,963 | INFO | No trades CSV found - starting fresh
2026-01-18 07:20:07,427 | INFO | ================================================================================
2026-01-18 07:20:07,427 | INFO | MA BOUNCE BOT v1.3 PRODUCTION STARTED - 2026-01-18 14:58:00
2026-01-18 07:20:07,428 | INFO | ================================================================================
2026-01-18 07:20:07,428 | INFO | TOP 5 STOCKS: TATAMOTORS, POWERGRID, VEDL, ONGC, BHARTIARTL
2026-01-18 07:20:07,428 | INFO | CONFIG: TRUE Bounce + No Filter + 1.5% Target + 0.5% SL
2026-01-18 07:20:07,428 | INFO | ================================================================================
2026-01-18 07:20:07,428 | INFO | No trades CSV found - starting fresh
2026-01-18 07:22:10,725 | INFO | ================================================================================
2026-01-18 07:22:10,725 | INFO | MA BOUNCE BOT v1.3 PRODUCTION STARTED - 2026-01-18 14:58:00
2026-01-18 07:22:10,725 | INFO | ================================================================================
2026-01-18 07:22:10,725 | INFO | TOP 5 STOCKS: TATAMOTORS, POWERGRID, VEDL, ONGC, BHARTIARTL
2026-01-18 07:22:10,725 | INFO | CONFIG: TRUE Bounce + No Filter + 1.5% Target + 0.5% SL
2026-01-18 07:22:10,725 | INFO | ================================================================================
2026-01-18 07:22:10,726 | INFO | No trades CSV found - starting fresh
2026-01-18 07:29:26,650 | INFO | ================================================================================
2026-01-18 07:29:26,650 | INFO | MA BOUNCE BOT v1.3 PRODUCTION STARTED - 2026-01-18 14:58:00
2026-01-18 07:29:26,650 | INFO | ================================================================================
2026-01-18 07:29:26,651 | INFO | TOP 5 STOCKS: TATAMOTORS, POWERGRID, VEDL, ONGC, BHARTIARTL
2026-01-18 07:29:26,651 | INFO | CONFIG: TRUE Bounce + No Filter + 1.5% Target + 0.5% SL
2026-01-18 07:29:26,651 | INFO | ================================================================================
2026-01-18 07:29:26,651 | INFO | Market closed - Bot exiting
2026-01-18 07:30:00,350 | INFO | ================================================================================
2026-01-18 07:30:00,351 | INFO | MA BOUNCE BOT v1.3 PRODUCTION STARTED - 2026-01-18 14:58:00
2026-01-18 07:30:00,351 | INFO | ================================================================================
2026-01-18 07:30:00,351 | INFO | TOP 5 STOCKS: TATAMOTORS, POWERGRID, VEDL, ONGC, BHARTIARTL
2026-01-18 07:30:00,351 | INFO | CONFIG: TRUE Bounce + No Filter + 1.5% Target + 0.5% SL
2026-01-18 07:30:00,351 | INFO | ================================================================================
2026-01-18 07:30:00,351 | INFO | No trades CSV found - starting fresh
2026-01-18 07:33:27,083 | INFO | ================================================================================
2026-01-18 07:33:27,083 | INFO | MA BOUNCE BOT v1.3 PRODUCTION STARTED - 2026-01-18 14:58:00
2026-01-18 07:33:27,083 | INFO | ================================================================================
2026-01-18 07:33:27,083 | INFO | TOP 5 STOCKS: TATAMOTORS, POWERGRID, VEDL, ONGC, BHARTIARTL
2026-01-18 07:33:27,083 | INFO | CONFIG: TRUE Bounce + No Filter + 1.5% Target + 0.5% SL
2026-01-18 07:33:27,083 | INFO | ================================================================================
2026-01-18 07:33:27,083 | INFO | No trades CSV found - starting fresh
2026-01-18 07:38:10,166 | INFO | ================================================================================
2026-01-18 07:38:10,167 | INFO | MA BOUNCE BOT v1.3 PRODUCTION STARTED - 2026-01-18 14:58:00
2026-01-18 07:38:10,167 | INFO | ================================================================================
2026-01-18 07:38:10,167 | INFO | TOP 5 STOCKS: TATAMOTORS, POWERGRID, VEDL, ONGC, BHARTIARTL
2026-01-18 07:38:10,167 | INFO | CONFIG: TRUE Bounce + No Filter + 1.5% Target + 0.5% SL
2026-01-18 07:38:10,167 | INFO | ================================================================================
2026-01-18 07:38:10,167 | INFO | No trades CSV found - starting fresh
2026-01-18 07:44:26,905 | INFO | ================================================================================
2026-01-18 07:44:26,905 | INFO | MA BOUNCE BOT v1.3 PRODUCTION STARTED - 2026-01-18 14:58:00
2026-01-18 07:44:26,905 | INFO | ================================================================================
2026-01-18 07:44:26,905 | INFO | TOP 5 STOCKS: TATAMOTORS, POWERGRID, VEDL, ONGC, BHARTIARTL
2026-01-18 07:44:26,905 | INFO | CONFIG: TRUE Bounce + No Filter + 1.5% Target + 0.5% SL
2026-01-18 07:44:26,905 | INFO | ================================================================================
2026-01-18 07:44:26,905 | INFO | No trades CSV found - starting fresh
