Building H1 data for 30 stocks...
  ADANIPORTS       days= 978  signals= 2980  R= 835(28%)  L=1148  F= 997
  ASHOKLEY         days= 978  signals= 3202  R= 942(29%)  L=1314  F= 946
  AXISBANK         days= 978  signals= 3377  R= 904(27%)  L=1550  F= 923
  BAJFINANCE       days= 991  signals= 3217  R= 840(26%)  L=1477  F= 900
  BANDHANBNK       days= 978  signals= 3035  R= 927(31%)  L=1081  F=1027
  BHARTIARTL       days= 978  signals= 3337  R= 899(27%)  L=1589  F= 849
  CIPLA            days= 912  signals= 3210  R= 855(27%)  L=1502  F= 853
  COALINDIA        days= 978  signals= 3262  R= 934(29%)  L=1445  F= 883
  DABUR            days= 978  signals= 3484  R= 960(28%)  L=1648  F= 876
  DIVISLAB         days= 978  signals= 3303  R= 930(28%)  L=1406  F= 967
  HDFCBANK         days= 978  signals= 3409  R= 794(23%)  L=1849  F= 766
  HINDALCO         days= 978  signals= 2972  R= 880(30%)  L=1121  F= 971
  ICICIBANK        days= 978  signals= 3447  R= 919(27%)  L=1684  F= 844
  INDUSINDBK       days= 978  signals= 3306  R= 964(29%)  L=1282  F=1060
  INFY             days= 978  signals= 3171  R= 791(25%)  L=1570  F= 810
  ITC              days= 978  signals= 3551  R= 847(24%)  L=1902  F= 802
  JSWSTEEL         days= 978  signals= 3255  R=1003(31%)  L=1227  F=1025
  NATIONALUM       days= 978  signals= 3183  R=1022(32%)  L=1046  F=1115
  NTPC             days= 978  signals= 3399  R= 967(28%)  L=1411  F=1021
  ONGC             days= 978  signals= 3320  R= 896(27%)  L=1478  F= 946
  PNB              days= 978  signals= 3296  R= 972(29%)  L=1258  F=1066
  POWERGRID        days= 978  signals= 3295  R= 932(28%)  L=1450  F= 913
  RELIANCE         days= 978  signals= 3081  R= 724(23%)  L=1577  F= 780
  SBIN             days= 978  signals= 3205  R= 764(24%)  L=1575  F= 866
  SUNPHARMA        days= 978  signals= 3454  R= 970(28%)  L=1609  F= 875
  TATAMOTORS       days= 978  signals= 2826  R= 708(25%)  L=1205  F= 913
  TATASTEEL        days= 978  signals= 3072  R= 861(28%)  L=1248  F= 963
  TECHM            days= 978  signals= 3307  R= 992(30%)  L=1349  F= 966
  VEDL             days= 978  signals= 2909  R= 887(30%)  L=1048  F= 974
  WIPRO            days= 978  signals= 3154  R= 732(23%)  L=1547  F= 875

All stocks processed. Serialising JS data...
JS data size: 137.6 MB
Writing HTML...
Saved: c:\Users\Saurav\CodePonting\Algo_Trading\Framework_V2\outputs\reports\fv2_h1_signal_viewer.html
Size : 137.6 MB
Note : Large file (138 MB) — browser may take 5-15s to parse on first load.
