Strategy: 6BCEH-Short + below-VWAP + RSI(14,Wilder)>thresh
Data: DS3 30 stocks 2015-2026

Loading stocks (+ VWAP + RSI)...
Loaded 30 stocks.

================================================================================
STEP A: RSI threshold sweep at LOCKED VWAP-only combo SL=4.5/TP=3.0
================================================================================
  RSI>50  N= 61,548  PF= 1.184  ZPF= 0.810  Sh(D)=  2.148  ZSh(D)=  -2.660  %ProfDays= 41.5
  RSI>52  N= 49,971  PF= 1.196  ZPF= 0.821  Sh(D)=  2.155  ZSh(D)=  -2.350  %ProfDays= 44.2
  RSI>54  N= 38,242  PF= 1.177  ZPF= 0.816  Sh(D)=  1.808  ZSh(D)=  -2.219  %ProfDays= 45.6
  RSI>56  N= 27,837  PF= 1.182  ZPF= 0.835  Sh(D)=  1.662  ZSh(D)=  -1.760  %ProfDays= 47.8
  RSI>58  N= 19,950  PF= 1.172  ZPF= 0.852  Sh(D)=  1.411  ZSh(D)=  -1.400  %ProfDays= 49.5
  RSI>60  N= 14,152  PF= 1.171  ZPF= 0.872  Sh(D)=  1.278  ZSh(D)=  -1.085  %ProfDays= 51.0
  RSI>62  N= 10,276  PF= 1.134  ZPF= 0.864  Sh(D)=  0.952  ZSh(D)=  -1.082  %ProfDays= 51.3
  RSI>64  N=  7,841  PF= 1.101  ZPF= 0.856  Sh(D)=  0.683  ZSh(D)=  -1.071  %ProfDays= 51.8
  RSI>66  N=  6,150  PF= 1.089  ZPF= 0.855  Sh(D)=  0.571  ZSh(D)=  -1.022  %ProfDays= 51.7
  RSI>68  N=  4,861  PF= 1.037  ZPF= 0.821  Sh(D)=  0.235  ZSh(D)=  -1.229  %ProfDays= 51.6
  RSI>70  N=  3,872  PF= 1.061  ZPF= 0.845  Sh(D)=  0.368  ZSh(D)=  -1.022  %ProfDays= 53.4
  RSI>72  N=  2,997  PF= 1.023  ZPF= 0.821  Sh(D)=  0.137  ZSh(D)=  -1.155  %ProfDays= 52.6
  RSI>74  N=  2,341  PF= 1.033  ZPF= 0.833  Sh(D)=  0.185  ZSh(D)=  -0.997  %ProfDays= 54.0
  RSI>76  N=  1,799  PF= 0.962  ZPF= 0.778  Sh(D)= -0.208  ZSh(D)=  -1.292  %ProfDays= 55.1
  RSI>78  N=  1,347  PF= 0.941  ZPF= 0.767  Sh(D)= -0.296  ZSh(D)=  -1.257  %ProfDays= 55.7
  RSI>80  N=    956  PF= 0.931  ZPF= 0.762  Sh(D)= -0.380  ZSh(D)=  -1.393  %ProfDays= 55.2

Best RSI threshold by ZPF: RSI>60  (ZPF=0.872)

================================================================================
STEP B: full 90-combo SL/TP sweep at RSI>60
================================================================================
  SL=1.5 TP=2.0  N=14,875  PF=1.246  ZPF=0.798  Sh(D)=2.182  ZSh(D)=-2.212  SL%=47.1 TP%=43.3 EOD+%=5.8 EOD-%=3.8
  SL=1.5 TP=2.5  N=14,648  PF=1.242  ZPF=0.823  Sh(D)=2.062  ZSh(D)=-1.871  SL%=50.7 TP%=35.7 EOD+%=9.2 EOD-%=4.4
  SL=1.5 TP=3.0  N=14,502  PF=1.274  ZPF=0.861  Sh(D)=2.171  ZSh(D)=-1.372  SL%=52.8 TP%=29.9 EOD+%=12.5 EOD-%=4.7
  SL=1.5 TP=3.5  N=14,399  PF=1.288  ZPF=0.882  Sh(D)=2.176  ZSh(D)=-1.122  SL%=54.3 TP%=24.8 EOD+%=16.0 EOD-%=4.9
  SL=1.5 TP=4.0  N=14,333  PF=1.288  ZPF=0.889  Sh(D)=2.129  ZSh(D)=-1.027  SL%=55.4 TP%=20.8 EOD+%=18.8 EOD-%=5.0
  SL=1.5 TP=4.5  N=14,270  PF=1.298  ZPF=0.899  Sh(D)=2.137  ZSh(D)=-0.904  SL%=55.9 TP%=17.4 EOD+%=21.6 EOD-%=5.1
  SL=1.5 TP=5.0  N=14,219  PF=1.293  ZPF=0.899  Sh(D)=2.052  ZSh(D)=-0.883  SL%=56.3 TP%=14.3 EOD+%=24.2 EOD-%=5.2
  SL=1.5 TP=5.5  N=14,171  PF=1.310  ZPF=0.914  Sh(D)=2.106  ZSh(D)=-0.733  SL%=56.6 TP%=12.0 EOD+%=26.2 EOD-%=5.3
  SL=1.5 TP=6.0  N=14,137  PF=1.324  ZPF=0.925  Sh(D)=2.129  ZSh(D)=-0.613  SL%=56.8 TP%=10.1 EOD+%=27.9 EOD-%=5.2
  SL=2.0 TP=2.0  N=14,733  PF=1.212  ZPF=0.808  Sh(D)=1.873  ZSh(D)=-1.999  SL%=38.6 TP%=48.0 EOD+%=6.8 EOD-%=6.5
  SL=2.0 TP=2.5  N=14,494  PF=1.206  ZPF=0.832  Sh(D)=1.776  ZSh(D)=-1.722  SL%=41.9 TP%=39.7 EOD+%=10.8 EOD-%=7.5
  SL=2.0 TP=3.0  N=14,344  PF=1.228  ZPF=0.864  Sh(D)=1.857  ZSh(D)=-1.323  SL%=43.9 TP%=33.4 EOD+%=14.7 EOD-%=8.1
  SL=2.0 TP=3.5  N=14,233  PF=1.240  ZPF=0.884  Sh(D)=1.880  ZSh(D)=-1.092  SL%=45.2 TP%=27.8 EOD+%=18.5 EOD-%=8.4
  SL=2.0 TP=4.0  N=14,165  PF=1.241  ZPF=0.891  Sh(D)=1.856  ZSh(D)=-1.003  SL%=46.2 TP%=23.3 EOD+%=21.8 EOD-%=8.7
  SL=2.0 TP=4.5  N=14,093  PF=1.251  ZPF=0.902  Sh(D)=1.878  ZSh(D)=-0.875  SL%=46.6 TP%=19.6 EOD+%=25.0 EOD-%=8.8
  SL=2.0 TP=5.0  N=14,036  PF=1.246  ZPF=0.902  Sh(D)=1.796  ZSh(D)=-0.858  SL%=47.1 TP%=16.1 EOD+%=27.9 EOD-%=8.9
  SL=2.0 TP=5.5  N=13,981  PF=1.256  ZPF=0.911  Sh(D)=1.820  ZSh(D)=-0.754  SL%=47.3 TP%=13.4 EOD+%=30.2 EOD-%=9.0
  SL=2.0 TP=6.0  N=13,944  PF=1.269  ZPF=0.923  Sh(D)=1.859  ZSh(D)=-0.634  SL%=47.5 TP%=11.3 EOD+%=32.3 EOD-%=9.0
  SL=2.5 TP=2.0  N=14,671  PF=1.195  ZPF=0.816  Sh(D)=1.686  ZSh(D)=-1.837  SL%=32.4 TP%=51.0 EOD+%=7.6 EOD-%=9.1
  SL=2.5 TP=2.5  N=14,428  PF=1.187  ZPF=0.839  Sh(D)=1.601  ZSh(D)=-1.601  SL%=35.3 TP%=42.4 EOD+%=11.9 EOD-%=10.4
  SL=2.5 TP=3.0  N=14,269  PF=1.204  ZPF=0.867  Sh(D)=1.664  ZSh(D)=-1.260  SL%=37.1 TP%=35.6 EOD+%=16.1 EOD-%=11.2
  SL=2.5 TP=3.5  N=14,146  PF=1.217  ZPF=0.888  Sh(D)=1.711  ZSh(D)=-1.029  SL%=38.3 TP%=29.7 EOD+%=20.3 EOD-%=11.7
  SL=2.5 TP=4.0  N=14,074  PF=1.214  ZPF=0.893  Sh(D)=1.661  ZSh(D)=-0.966  SL%=39.2 TP%=25.0 EOD+%=23.8 EOD-%=12.1
  SL=2.5 TP=4.5  N=13,999  PF=1.220  ZPF=0.902  Sh(D)=1.663  ZSh(D)=-0.864  SL%=39.6 TP%=20.8 EOD+%=27.3 EOD-%=12.3
  SL=2.5 TP=5.0  N=13,940  PF=1.216  ZPF=0.902  Sh(D)=1.600  ZSh(D)=-0.847  SL%=40.0 TP%=17.2 EOD+%=30.4 EOD-%=12.4
  SL=2.5 TP=5.5  N=13,883  PF=1.226  ZPF=0.911  Sh(D)=1.626  ZSh(D)=-0.748  SL%=40.2 TP%=14.3 EOD+%=32.9 EOD-%=12.6
  SL=2.5 TP=6.0  N=13,845  PF=1.238  ZPF=0.923  Sh(D)=1.671  ZSh(D)=-0.633  SL%=40.4 TP%=12.0 EOD+%=35.1 EOD-%=12.5
  SL=3.0 TP=2.0  N=14,624  PF=1.183  ZPF=0.820  Sh(D)=1.522  ZSh(D)=-1.700  SL%=27.1 TP%=53.2 EOD+%=8.0 EOD-%=11.6
  SL=3.0 TP=2.5  N=14,374  PF=1.178  ZPF=0.845  Sh(D)=1.472  ZSh(D)=-1.463  SL%=29.6 TP%=44.4 EOD+%=12.6 EOD-%=13.4
  SL=3.0 TP=3.0  N=14,212  PF=1.193  ZPF=0.872  Sh(D)=1.536  ZSh(D)=-1.165  SL%=31.2 TP%=37.2 EOD+%=17.2 EOD-%=14.4
  SL=3.0 TP=3.5  N=14,085  PF=1.205  ZPF=0.892  Sh(D)=1.583  ZSh(D)=-0.961  SL%=32.2 TP%=31.1 EOD+%=21.6 EOD-%=15.1
  SL=3.0 TP=4.0  N=14,011  PF=1.196  ZPF=0.892  Sh(D)=1.498  ZSh(D)=-0.944  SL%=33.0 TP%=26.0 EOD+%=25.4 EOD-%=15.6
  SL=3.0 TP=4.5  N=13,934  PF=1.202  ZPF=0.901  Sh(D)=1.507  ZSh(D)=-0.842  SL%=33.4 TP%=21.7 EOD+%=29.1 EOD-%=15.8
  SL=3.0 TP=5.0  N=13,874  PF=1.196  ZPF=0.900  Sh(D)=1.435  ZSh(D)=-0.841  SL%=33.8 TP%=17.9 EOD+%=32.4 EOD-%=16.0
  SL=3.0 TP=5.5  N=13,816  PF=1.204  ZPF=0.908  Sh(D)=1.459  ZSh(D)=-0.753  SL%=34.0 TP%=14.9 EOD+%=35.0 EOD-%=16.1
  SL=3.0 TP=6.0  N=13,775  PF=1.216  ZPF=0.919  Sh(D)=1.506  ZSh(D)=-0.645  SL%=34.1 TP%=12.5 EOD+%=37.2 EOD-%=16.1
  SL=3.5 TP=2.0  N=14,604  PF=1.177  ZPF=0.823  Sh(D)=1.456  ZSh(D)=-1.650  SL%=22.9 TP%=54.4 EOD+%=8.3 EOD-%=14.3
  SL=3.5 TP=2.5  N=14,350  PF=1.164  ZPF=0.842  Sh(D)=1.344  ZSh(D)=-1.471  SL%=25.2 TP%=45.5 EOD+%=13.0 EOD-%=16.4
  SL=3.5 TP=3.0  N=14,187  PF=1.179  ZPF=0.869  Sh(D)=1.412  ZSh(D)=-1.176  SL%=26.5 TP%=38.2 EOD+%=17.7 EOD-%=17.6
  SL=3.5 TP=3.5  N=14,054  PF=1.189  ZPF=0.888  Sh(D)=1.446  ZSh(D)=-0.987  SL%=27.3 TP%=31.9 EOD+%=22.3 EOD-%=18.5
  SL=3.5 TP=4.0  N=13,979  PF=1.186  ZPF=0.892  Sh(D)=1.400  ZSh(D)=-0.932  SL%=28.0 TP%=26.7 EOD+%=26.3 EOD-%=19.0
  SL=3.5 TP=4.5  N=13,902  PF=1.192  ZPF=0.901  Sh(D)=1.414  ZSh(D)=-0.831  SL%=28.4 TP%=22.3 EOD+%=30.0 EOD-%=19.3
  SL=3.5 TP=5.0  N=13,841  PF=1.188  ZPF=0.900  Sh(D)=1.356  ZSh(D)=-0.818  SL%=28.7 TP%=18.4 EOD+%=33.5 EOD-%=19.5
  SL=3.5 TP=5.5  N=13,782  PF=1.197  ZPF=0.910  Sh(D)=1.390  ZSh(D)=-0.725  SL%=28.8 TP%=15.3 EOD+%=36.1 EOD-%=19.7
  SL=3.5 TP=6.0  N=13,740  PF=1.211  ZPF=0.922  Sh(D)=1.447  ZSh(D)=-0.610  SL%=28.9 TP%=12.9 EOD+%=38.4 EOD-%=19.7
  SL=4.0 TP=2.0  N=14,596  PF=1.161  ZPF=0.818  Sh(D)=1.281  ZSh(D)=-1.633  SL%=19.5 TP%=55.4 EOD+%=8.5 EOD-%=16.6
  SL=4.0 TP=2.5  N=14,339  PF=1.150  ZPF=0.837  Sh(D)=1.188  ZSh(D)=-1.463  SL%=21.3 TP%=46.3 EOD+%=13.4 EOD-%=19.0
  SL=4.0 TP=3.0  N=14,175  PF=1.168  ZPF=0.866  Sh(D)=1.292  ZSh(D)=-1.166  SL%=22.3 TP%=38.9 EOD+%=18.2 EOD-%=20.5
  SL=4.0 TP=3.5  N=14,042  PF=1.178  ZPF=0.886  Sh(D)=1.340  ZSh(D)=-0.977  SL%=23.1 TP%=32.5 EOD+%=22.9 EOD-%=21.5
  SL=4.0 TP=4.0  N=13,967  PF=1.176  ZPF=0.890  Sh(D)=1.301  ZSh(D)=-0.917  SL%=23.6 TP%=27.2 EOD+%=27.0 EOD-%=22.2
  SL=4.0 TP=4.5  N=13,888  PF=1.182  ZPF=0.899  Sh(D)=1.316  ZSh(D)=-0.823  SL%=24.0 TP%=22.7 EOD+%=30.8 EOD-%=22.4
  SL=4.0 TP=5.0  N=13,827  PF=1.178  ZPF=0.899  Sh(D)=1.264  ZSh(D)=-0.810  SL%=24.2 TP%=18.7 EOD+%=34.3 EOD-%=22.7
  SL=4.0 TP=5.5  N=13,768  PF=1.187  ZPF=0.908  Sh(D)=1.298  ZSh(D)=-0.723  SL%=24.4 TP%=15.6 EOD+%=37.0 EOD-%=23.0
  SL=4.0 TP=6.0  N=13,726  PF=1.201  ZPF=0.921  Sh(D)=1.358  ZSh(D)=-0.609  SL%=24.4 TP%=13.2 EOD+%=39.4 EOD-%=23.0
  SL=4.5 TP=2.0  N=14,577  PF=1.161  ZPF=0.821  Sh(D)=1.239  ZSh(D)=-1.550  SL%=16.3 TP%=56.1 EOD+%=8.7 EOD-%=19.0
  SL=4.5 TP=2.5  N=14,318  PF=1.156  ZPF=0.845  Sh(D)=1.199  ZSh(D)=-1.347  SL%=17.7 TP%=47.0 EOD+%=13.6 EOD-%=21.7
  SL=4.5 TP=3.0  N=14,152  PF=1.171  ZPF=0.872  Sh(D)=1.278  ZSh(D)=-1.085  SL%=18.6 TP%=39.5 EOD+%=18.6 EOD-%=23.3
  SL=4.5 TP=3.5  N=14,017  PF=1.182  ZPF=0.892  Sh(D)=1.331  ZSh(D)=-0.896  SL%=19.2 TP%=33.1 EOD+%=23.4 EOD-%=24.3
  SL=4.5 TP=4.0  N=13,941  PF=1.181  ZPF=0.898  Sh(D)=1.301  ZSh(D)=-0.831  SL%=19.7 TP%=27.7 EOD+%=27.5 EOD-%=25.1
  SL=4.5 TP=4.5  N=13,861  PF=1.186  ZPF=0.906  Sh(D)=1.307  ZSh(D)=-0.747  SL%=20.0 TP%=23.1 EOD+%=31.4 EOD-%=25.5
  SL=4.5 TP=5.0  N=13,800  PF=1.183  ZPF=0.906  Sh(D)=1.260  ZSh(D)=-0.732  SL%=20.2 TP%=19.0 EOD+%=34.9 EOD-%=25.8
  SL=4.5 TP=5.5  N=13,741  PF=1.191  ZPF=0.915  Sh(D)=1.290  ZSh(D)=-0.651  SL%=20.3 TP%=15.9 EOD+%=37.7 EOD-%=26.1
  SL=4.5 TP=6.0  N=13,699  PF=1.204  ZPF=0.927  Sh(D)=1.345  ZSh(D)=-0.548  SL%=20.4 TP%=13.4 EOD+%=40.1 EOD-%=26.1
  SL=5.0 TP=2.0  N=14,561  PF=1.145  ZPF=0.812  Sh(D)=1.094  ZSh(D)=-1.584  SL%=13.9 TP%=56.6 EOD+%=8.7 EOD-%=20.8
  SL=5.0 TP=2.5  N=14,302  PF=1.141  ZPF=0.837  Sh(D)=1.065  ZSh(D)=-1.378  SL%=15.0 TP%=47.4 EOD+%=13.7 EOD-%=23.8
  SL=5.0 TP=3.0  N=14,136  PF=1.157  ZPF=0.864  Sh(D)=1.152  ZSh(D)=-1.122  SL%=15.8 TP%=39.9 EOD+%=18.7 EOD-%=25.5
  SL=5.0 TP=3.5  N=14,000  PF=1.170  ZPF=0.885  Sh(D)=1.220  ZSh(D)=-0.928  SL%=16.4 TP%=33.4 EOD+%=23.5 EOD-%=26.7
  SL=5.0 TP=4.0  N=13,924  PF=1.169  ZPF=0.891  Sh(D)=1.192  ZSh(D)=-0.866  SL%=16.8 TP%=28.0 EOD+%=27.7 EOD-%=27.5
  SL=5.0 TP=4.5  N=13,844  PF=1.174  ZPF=0.899  Sh(D)=1.200  ZSh(D)=-0.782  SL%=17.1 TP%=23.3 EOD+%=31.7 EOD-%=27.9
  SL=5.0 TP=5.0  N=13,783  PF=1.172  ZPF=0.901  Sh(D)=1.166  ZSh(D)=-0.759  SL%=17.3 TP%=19.2 EOD+%=35.3 EOD-%=28.2
  SL=5.0 TP=5.5  N=13,724  PF=1.180  ZPF=0.909  Sh(D)=1.195  ZSh(D)=-0.684  SL%=17.4 TP%=16.1 EOD+%=38.0 EOD-%=28.5
  SL=5.0 TP=6.0  N=13,683  PF=1.192  ZPF=0.920  Sh(D)=1.247  ZSh(D)=-0.585  SL%=17.5 TP%=13.5 EOD+%=40.4 EOD-%=28.6
  SL=5.5 TP=2.0  N=14,553  PF=1.141  ZPF=0.811  Sh(D)=1.052  ZSh(D)=-1.579  SL%=11.7 TP%=56.8 EOD+%=8.8 EOD-%=22.7
  SL=5.5 TP=2.5  N=14,294  PF=1.139  ZPF=0.837  Sh(D)=1.045  ZSh(D)=-1.367  SL%=12.7 TP%=47.7 EOD+%=13.8 EOD-%=25.8
  SL=5.5 TP=3.0  N=14,128  PF=1.154  ZPF=0.864  Sh(D)=1.125  ZSh(D)=-1.120  SL%=13.4 TP%=40.1 EOD+%=18.8 EOD-%=27.6
  SL=5.5 TP=3.5  N=13,991  PF=1.168  ZPF=0.885  Sh(D)=1.199  ZSh(D)=-0.924  SL%=13.9 TP%=33.6 EOD+%=23.7 EOD-%=28.8
  SL=5.5 TP=4.0  N=13,915  PF=1.166  ZPF=0.890  Sh(D)=1.164  ZSh(D)=-0.866  SL%=14.3 TP%=28.1 EOD+%=27.9 EOD-%=29.7
  SL=5.5 TP=4.5  N=13,835  PF=1.170  ZPF=0.898  Sh(D)=1.171  ZSh(D)=-0.786  SL%=14.5 TP%=23.4 EOD+%=31.9 EOD-%=30.2
  SL=5.5 TP=5.0  N=13,774  PF=1.169  ZPF=0.900  Sh(D)=1.139  ZSh(D)=-0.760  SL%=14.6 TP%=19.3 EOD+%=35.5 EOD-%=30.5
  SL=5.5 TP=5.5  N=13,715  PF=1.176  ZPF=0.908  Sh(D)=1.168  ZSh(D)=-0.685  SL%=14.8 TP%=16.2 EOD+%=38.3 EOD-%=30.8
  SL=5.5 TP=6.0  N=13,674  PF=1.188  ZPF=0.919  Sh(D)=1.219  ZSh(D)=-0.589  SL%=14.8 TP%=13.6 EOD+%=40.7 EOD-%=30.9
  SL=6.0 TP=2.0  N=14,547  PF=1.140  ZPF=0.811  Sh(D)=1.020  ZSh(D)=-1.539  SL%=9.9 TP%=57.1 EOD+%=8.9 EOD-%=24.2
  SL=6.0 TP=2.5  N=14,287  PF=1.138  ZPF=0.837  Sh(D)=1.011  ZSh(D)=-1.341  SL%=10.7 TP%=47.9 EOD+%=13.9 EOD-%=27.5
  SL=6.0 TP=3.0  N=14,121  PF=1.152  ZPF=0.863  Sh(D)=1.091  ZSh(D)=-1.102  SL%=11.3 TP%=40.3 EOD+%=19.0 EOD-%=29.5
  SL=6.0 TP=3.5  N=13,983  PF=1.165  ZPF=0.884  Sh(D)=1.161  ZSh(D)=-0.915  SL%=11.7 TP%=33.8 EOD+%=23.8 EOD-%=30.8
  SL=6.0 TP=4.0  N=13,907  PF=1.163  ZPF=0.889  Sh(D)=1.123  ZSh(D)=-0.861  SL%=12.0 TP%=28.3 EOD+%=28.1 EOD-%=31.6
  SL=6.0 TP=4.5  N=13,827  PF=1.167  ZPF=0.897  Sh(D)=1.132  ZSh(D)=-0.781  SL%=12.2 TP%=23.6 EOD+%=32.1 EOD-%=32.1
  SL=6.0 TP=5.0  N=13,766  PF=1.166  ZPF=0.899  Sh(D)=1.103  ZSh(D)=-0.756  SL%=12.3 TP%=19.5 EOD+%=35.7 EOD-%=32.5
  SL=6.0 TP=5.5  N=13,706  PF=1.173  ZPF=0.907  Sh(D)=1.132  ZSh(D)=-0.683  SL%=12.5 TP%=16.3 EOD+%=38.5 EOD-%=32.8
  SL=6.0 TP=6.0  N=13,663  PF=1.184  ZPF=0.917  Sh(D)=1.175  ZSh(D)=-0.598  SL%=12.5 TP%=13.7 EOD+%=40.9 EOD-%=32.8

Exit breakdown saved: /home/ubuntu/CodePonting/Algo_Trading/Framework_V2/strategies/flagship/11_6bceh_short_vwap_rsi60_exit_breakdown.csv

Top 10 by ZPF (raw):
     SL     TP         N      PF     ZPF    Sh(D)    ZSh(D)   %ProfDays
    4.5    6.0    13,699   1.204   0.927    1.345    -0.548        48.3
    1.5    6.0    14,137   1.324   0.925    2.129    -0.613        40.1
    2.0    6.0    13,944   1.269   0.923    1.859    -0.634        42.4
    2.5    6.0    13,845   1.238   0.923    1.671    -0.633        44.6
    3.5    6.0    13,740   1.211   0.922    1.447    -0.610        46.8
    4.0    6.0    13,726   1.201   0.921    1.358    -0.609        47.5
    5.0    6.0    13,683   1.192   0.920    1.247    -0.585        48.8
    3.0    6.0    13,775   1.216   0.919    1.506    -0.645        45.5
    5.5    6.0    13,674   1.188   0.919    1.219    -0.589        49.4
    6.0    6.0    13,663   1.184   0.917    1.175    -0.598        49.9

Raw #1 by ZPF: SL=4.5 TP=6.0  ZPF=0.927  EOD%=66.2  SUSPECT (EOD%>30)

Healthy-subset top-10 (EOD% <= 30):
 sl  tp     n    pf   zpf   shd   zshd  eod_pct
1.5 5.0 14219 1.293 0.899 2.052 -0.883     29.4
1.5 4.5 14270 1.298 0.899 2.137 -0.904     26.7
1.5 4.0 14333 1.288 0.889 2.129 -1.027     23.8
2.0 3.5 14233 1.240 0.884 1.880 -1.092     26.9
1.5 3.5 14399 1.288 0.882 2.176 -1.122     20.9
2.5 3.0 14269 1.204 0.867 1.664 -1.260     27.3
2.0 3.0 14344 1.228 0.864 1.857 -1.323     22.8
1.5 3.0 14502 1.274 0.861 2.171 -1.372     17.2
3.0 2.5 14374 1.178 0.845 1.472 -1.463     26.0
3.5 2.5 14350 1.164 0.842 1.344 -1.471     29.4

Viability check: need ZPF>1.0 AND ZSh(D)>0
  Raw #1: SL=4.5/6.0  ZPF=0.927  ZSh(D)=-0.548  -> FAIL

Done.
