Loading stocks (+ VWAP + RSI)...
Loaded 30 stocks. Sweeping 8 SL x 3 TP = 24 combos at RSI>60...

======================================================================================================================
TP = 3.0   (fixed)   |   SL sweep 1.0 -> 4.0
======================================================================================================================
     SL        N      PF     ZPF     net_zpnl       aB              aB_CI     pB       aN    SL%    TP%   EOD%   ZSh(D)
   1.00   14,923   1.285  0.7958       -4,213   -1.503 [  -1.98,  -1.03]  0.000   -1.384   64.0   24.2   11.8   -2.135
   1.25   14,681   1.277  0.8337       -3,669   -1.251 [  -1.77,  -0.73]  0.000   -1.108   58.2   27.3   14.5   -1.696
   1.50   14,502   1.274  0.8612       -3,216   -1.046 [  -1.60,  -0.49]  0.000   -0.870   52.8   29.9   17.3   -1.372
   2.00   14,344   1.228  0.8640       -3,424   -1.093 [  -1.71,  -0.48]  0.001   -0.886   43.9   33.4   22.7   -1.323
   2.50   14,269   1.204  0.8673       -3,528   -1.102 [  -1.77,  -0.44]  0.001   -0.879   37.1   35.6   27.3   -1.260
   3.00   14,212   1.193  0.8724       -3,509   -1.072 [  -1.79,  -0.36]  0.003   -0.825   31.2   37.2   31.6   -1.165
   3.50   14,187   1.179  0.8692       -3,683   -1.123 [  -1.87,  -0.38]  0.003   -0.853   26.5   38.2   35.4   -1.176
   4.00   14,175   1.168  0.8664       -3,840   -1.158 [  -1.94,  -0.38]  0.004   -0.868   22.3   38.9   38.8   -1.166

======================================================================================================================
TP = 4.5   (fixed)   |   SL sweep 1.0 -> 4.0
======================================================================================================================
     SL        N      PF     ZPF     net_zpnl       aB              aB_CI     pB       aN    SL%    TP%   EOD%   ZSh(D)
   1.00   14,714   1.315  0.8363       -3,494   -1.172 [  -1.72,  -0.63]  0.000   -1.027   67.0   14.0   19.0   -1.535
   1.25   14,458   1.311  0.8783       -2,785   -0.846 [  -1.44,  -0.25]  0.005   -0.670   61.2   15.9   22.9   -1.114
   1.50   14,270   1.298  0.8992       -2,436   -0.674 [  -1.31,  -0.03]  0.039   -0.461   55.9   17.4   26.7   -0.904
   2.00   14,093   1.251  0.9023       -2,579   -0.694 [  -1.39,   0.00]  0.051   -0.447   46.6   19.6   33.8   -0.875
   2.50   13,999   1.220  0.9018       -2,752   -0.726 [  -1.48,   0.03]  0.059   -0.456   39.6   20.8   39.6   -0.864
   3.00   13,934   1.202  0.9015       -2,868   -0.746 [  -1.55,   0.06]  0.070   -0.454   33.4   21.7   44.9   -0.842
   3.50   13,902   1.192  0.9010       -2,949   -0.758 [  -1.60,   0.08]  0.076   -0.440   28.4   22.3   49.3   -0.831
   4.00   13,888   1.182  0.8994       -3,061   -0.774 [  -1.65,   0.11]  0.084   -0.432   24.0   22.7   53.3   -0.823

======================================================================================================================
TP = 5.0   (fixed)   |   SL sweep 1.0 -> 4.0
======================================================================================================================
     SL        N      PF     ZPF     net_zpnl       aB              aB_CI     pB       aN    SL%    TP%   EOD%   ZSh(D)
   1.00   14,675   1.313  0.8379       -3,477   -1.158 [  -1.72,  -0.60]  0.000   -0.981   67.4   11.5   21.1   -1.478
   1.25   14,409   1.306  0.8773       -2,824   -0.851 [  -1.47,  -0.24]  0.007   -0.638   61.6   13.1   25.3   -1.093
   1.50   14,219   1.293  0.8990       -2,457   -0.671 [  -1.33,  -0.01]  0.047   -0.419   56.3   14.3   29.3   -0.883
   2.00   14,036   1.246  0.9018       -2,612   -0.694 [  -1.41,   0.03]  0.059   -0.404   47.1   16.1   36.8   -0.858
   2.50   13,940   1.216  0.9017       -2,775   -0.721 [  -1.50,   0.05]  0.069   -0.407   40.0   17.2   42.8   -0.847
   3.00   13,874   1.196  0.8998       -2,944   -0.760 [  -1.59,   0.07]  0.072   -0.422   33.8   17.9   48.3   -0.841
   3.50   13,841   1.188  0.9005       -2,986   -0.756 [  -1.62,   0.11]  0.086   -0.392   28.7   18.4   53.0   -0.818
   4.00   13,827   1.178  0.8991       -3,094   -0.770 [  -1.67,   0.13]  0.094   -0.381   24.2   18.7   57.0   -0.810

Results saved: /home/ubuntu/CodePonting/Algo_Trading/Framework_V2/scripts/trials/regime_model/memlabs/54b_table3_sl_sweep_results.csv

======================================================================
CO-PEAK CHECK (ZPF / net_zpnl / basket alpha) per fixed TP
======================================================================

TP=3.0:
  ZPF peak         SL=3.0  (ZPF=0.8724, net_zpnl=-3,509, aB=-1.072, EOD%=31.6)
  net_zpnl peak    SL=1.5  (ZPF=0.8612, net_zpnl=-3,216, aB=-1.046, EOD%=17.3)
  basket-a peak    SL=1.5  (ZPF=0.8612, net_zpnl=-3,216, aB=-1.046, EOD%=17.3)
  -> interior peak(s)

TP=4.5:
  ZPF peak         SL=2.0  (ZPF=0.9023, net_zpnl=-2,579, aB=-0.694, EOD%=33.8)
  net_zpnl peak    SL=1.5  (ZPF=0.8992, net_zpnl=-2,436, aB=-0.674, EOD%=26.7)
  basket-a peak    SL=1.5  (ZPF=0.8992, net_zpnl=-2,436, aB=-0.674, EOD%=26.7)
  -> interior peak(s)

TP=5.0:
  ZPF peak         SL=2.0  (ZPF=0.9018, net_zpnl=-2,612, aB=-0.694, EOD%=36.8)
  net_zpnl peak    SL=1.5  (ZPF=0.8990, net_zpnl=-2,457, aB=-0.670, EOD%=29.3)
  basket-a peak    SL=1.5  (ZPF=0.8990, net_zpnl=-2,457, aB=-0.670, EOD%=29.3)
  -> interior peak(s)

Done.
